erde   2 4 5 7 9 |6 0 
stein  1 2 2 3 3 4 4 5 5 6 6 7 7 8 8 9 9 10 10 |20 0 
anderer block faengt neu an: 1 
loslassen setzt zurueck, stufe 0
grund  0 0 0 0 0 0 0 0 0 0 0 0 0 0 0 0 0 0 0 0 0 0 0 0 0 0 0 0 0 0 
laub bricht: 4 7 |3 
pause nach dem bruch: 0 0 4 7 |5 0 
stufe 1: 4 texel  stufe 10: 47 texel  steigt 1
gezeichnet: rot scheint durch 1, risse sichtbar 1
ohne abbau keine risse: 1
