K int   7 Mod 3   = 1
K int  -7 Mod 3   = -1
K int   7 Mod -3  = 1
K int  -7 Mod -3  = -1
K flt   7.5 Mod 2 = 1500
K flt  -7.5 Mod 2 = -1500
K flt   7.5 Mod -2= 1500
K mix   7 Mod 2.5 = 2000
K mix   7.5 Mod 3 = 1500
V int   a Mod b   = 1
V int   c Mod b   = -1
V int   a Mod d   = 1
V int   c Mod d   = -1
V flt   x Mod y   = 1500
V flt   z Mod y   = -1500
V flt   x Mod w   = 1500
V mix   a Mod y   = 1000
V mix   x Mod b   = 1500
V mix   c Mod y   = -1000
V int-erg a Mod b *1000 = 1000
V trunk   e Mod y       = 1900
