frisch readpixel FF000000
== plot
R.......................
........................
........................
........................
........................
.....R..................
........................
........................
........................
........................
........................
........................
........................
........................
........................
........................
........................
........................
........................
........................
........................
........................
........................
.......................R
== line
RRG.....................
..RG....................
....GR..................
.....GRRR...............
......G..RR.............
.......G...RR...........
.......G.....RR.........
........G......RRR......
.........G........RR....
..........G.........RR..
...........G..........RR
............G...........
WWWWWWWWWWWW.G..........
............WWWWWWWWWWWW
...............G........
................G.......
.................G......
..................G.....
..................G.....
...................G....
.....B..............G...
.....................G..
......................G.
.......................G
== rect
........................
.RRRRRR...GGGGGG........
.RRRRRR...G....G........
.RRRRRR...G....G........
.RRRRRR...GGGGGG........
........................
........................
........................
........................
........................
WWW.........Y...........
........................
........................
........................
........................
........................
........................
........................
........................
........................
....................BBBB
....................BBBB
....................BBBB
....................BBBB
== oval
..RRRRR.......GGGGGG....
.RRRRRRR.....G......G...
RRRRRRRRR...G........G..
RRRRRRRRR...G........G..
RRRRRRRRR...G........G..
RRRRRRRRR....G......G...
RRRRRRRRR.....GGGGGG....
.RRRRRRR................
..RRRRR.................
........................
........................
........................
..BB...........WWWWW....
.B..B.........WWWWWWW...
B....B.......WWWWWWWWW..
B....B......WWWWWWWWWWW.
B....B......WWWWWWWWWWW.
B....B......WWWWWWWWWWW.
B....B......WWWWWWWWWWW.
B....B......WWWWWWWWWWW.
B....B.......WWWWWWWWWYY
.B..B.........WWWWWWWYYY
..BB...........WWWWWYYYY
....................YYYY
== origin viewport cls
........................
........................
........................
..BWBBBBBBBB............
..BBWBBBYYYY............
..BBBWYYYYYY............
..BBBYYYYYYY............
..BBBYYYYYYY............
..BBYYYYYYYY............
..BBYYYYYYYY............
..BBYYYYYYYY............
........................
........................
........................
........................
........................
........................
........................
........................
........................
........................
........................
........................
........................
== setbuffer setzt origin und viewport zurueck
GGGGRRRRRRRRRRRRRRRRRRRR
GGGGRRRRRRRRRRRRRRRRRRRR
GGGGRRRRRRRRRRRRRRRRRRRR
GGGGRRRRRRRRRRRRRRRRRRRR
RRRRRRRRRRRRRRRRRRRRRRRR
RRRRRRRRRRRRRRRRRRRRRRRR
RRRRRRRRRRRRRRRRRRRRRRRR
RRRRRRRRRRRRRRRRRRRRRRRR
RRRRRRRRRRRRRRRRRRRRRRRR
RRRRRRRRRRRRRRRRRRRRRRRR
RRRRRRRRRRRRRRRRRRRRRRRR
RRRRRRRRRRRRRRRRRRRRRRRR
RRRRRRRRRRRRRRRRRRRRRRRR
RRRRRRRRRRRRRRRRRRRRRRRR
RRRRRRRRRRRRRRRRRRRRRRRR
RRRRRRRRRRRRRRRRRRRRRRRR
RRRRRRRRRRRRRRRRRRRRRRRR
RRRRRRRRRRRRRRRRRRRRRRRR
RRRRRRRRRRRRRRRRRRRRRRRR
RRRRRRRRRRRRRRRRRRRRRRRR
RRRRRRRRRRRRRRRRRRRRRRRR
RRRRRRRRRRRRRRRRRRRRRRRR
RRRRRRRRRRRRRRRRRRRRRRRR
RRRRRRRRRRRRRRRRRRRRRRRR
== drawimage drawblock
RRRRRRRRRRRRRRRRRRRRRRRR
RBBBBBBRRRBBBBBBRRRRRRRR
RBBBBBBRRRBBBBBBRRRRRRRR
RBBRRBBRRRBB..BBRRRRRRRR
RBBRRBBRRRBB..BBRRRRRRRR
RBBBBBBRRRBBBBBBRRRRRRRR
RBBBBBBRRRBBBBBBRRRRRRRR
RRRRRRRRRRRRRRRRRRRRRRRR
RRRRRRRRRRRRRRRRRRRRRRRR
RRRRRRRRRRRRRRRRRRRRRRRR
RRRRRRRRRRRRRRRRRRRRRRRR
RRRRRRRRRRRRRRRRRRRRRRRR
RBBBBBBRRRRRBBBBBBRRRRRR
RBBBBBBRRRRRBBBBBBRRRRRR
RBBRRBBRRRRRBB..BBRRRRRR
RBBRRBBRRRRRBB..BBRRRRRR
RBBBBBBRRRRRBBBBBBRRRRRR
RBBBBBBRRRRRBBBBBBRRRRRR
RRRRRRRRRRRRRRRRRRRRRRRR
RRRRRRRRRRRRRRRRRRRRRRRR
RRRRRRRRRRRRRRRRRRRRRRRR
RRRRRRRRRRRRRRRRRRRRRRRR
RRRRRRRRRRRRRRRRRRRRRRRR
RRRRRRRRRRRRRRRRRRRRRRRR
== tileimage
.BBBB..BBBB..BBBB..BBBB.
BBBBBBBBBBBBBBBBBBBBBBBB
BBBBBBBBBBBBBBBBBBBBBBBB
BBBBBBBBBBBBBBBBBBBBBBBB
BBBBBBBBBBBBBBBBBBBBBBBB
.BBBB..BBBB..BBBB..BBBB.
.BBBB..BBBB..BBBB..BBBB.
BBBBBBBBBBBBBBBBBBBBBBBB
BBBBBBBBBBBBBBBBBBBBBBBB
BBBBBBBBBBBBBBBBBBBBBBBB
BBBBBBBBBBBBBBBBBBBBBBBB
.BBBB..BBBB..BBBB..BBBB.
.BBBB..BBBB..BBBB..BBBB.
BBBBBBBBBBBBBBBBBBBBBBBB
BBBBBBBBBBBBBBBBBBBBBBBB
BBBBBBBBBBBBBBBBBBBBBBBB
BBBBBBBBBBBBBBBBBBBBBBBB
.BBBB..BBBB..BBBB..BBBB.
.BBBB..BBBB..BBBB..BBBB.
BBBBBBBBBBBBBBBBBBBBBBBB
BBBBBBBBBBBBBBBBBBBBBBBB
BBBBBBBBBBBBBBBBBBBBBBBB
BBBBBBBBBBBBBBBBBBBBBBBB
.BBBB..BBBB..BBBB..BBBB.
