1: links 0 rechts 100
2: links 250 rechts 250
3: links 167 rechts 0
4: links 250 rechts 500
5: links 52 rechts 177
6: links 100 rechts 100
7: links 500 rechts 500
8: links 500 rechts 500
9: links 500 rechts 0
10: links 167 rechts 167
11: laenge 1/1.42 der urspruenglichen
12: anfang 0 / 250, ende 250 / 0
13: schleife ueber zwei durchlaeufe 1, links 500 rechts 500
abschnitte 13
