diagonale als rechte kante, zeile 48: -1--1
diagonale als rechte kante, zeile 52: 50-51
diagonale als rechte kante, zeile 56: 50-55
diagonale als rechte kante, zeile 60: 50-59
diagonale als rechte kante, zeile 64: 50-63
diagonale als rechte kante, zeile 68: 50-67
diagonale als rechte kante, zeile 72: 50-71
diagonale als rechte kante, zeile 76: 50-75
diagonale als rechte kante, zeile 80: 50-79
diagonale als rechte kante, zeile 84: 50-83
diagonale als rechte kante, zeile 88: 50-87
diagonale als rechte kante, zeile 92: 50-91
diagonale als rechte kante, zeile 96: 50-95
diagonale als rechte kante, zeile 100: 50-99
diagonale als rechte kante, zeile 104: 50-103
diagonale als rechte kante, zeile 108: 50-107
diagonale als rechte kante, zeile 112: 50-111
diagonale als rechte kante, zeile 116: 50-115
diagonale als rechte kante, zeile 120: 50-119
diagonale als rechte kante, zeile 124: 50-123
diagonale als rechte kante, zeile 128: 50-127
diagonale als rechte kante, zeile 132: 50-131
diagonale als rechte kante, zeile 136: 50-135
diagonale als rechte kante, zeile 140: 50-139
diagonale als rechte kante, zeile 144: 50-143
diagonale als rechte kante, zeile 148: 50-147
diagonale als rechte kante, zeile 152: -1--1
diagonale als linke kante, zeile 48: -1--1
diagonale als linke kante, zeile 52: 52-149
diagonale als linke kante, zeile 56: 56-149
diagonale als linke kante, zeile 60: 60-149
diagonale als linke kante, zeile 64: 64-149
diagonale als linke kante, zeile 68: 68-149
diagonale als linke kante, zeile 72: 72-149
diagonale als linke kante, zeile 76: 76-149
diagonale als linke kante, zeile 80: 80-149
diagonale als linke kante, zeile 84: 84-149
diagonale als linke kante, zeile 88: 88-149
diagonale als linke kante, zeile 92: 92-149
diagonale als linke kante, zeile 96: 96-149
diagonale als linke kante, zeile 100: 100-149
diagonale als linke kante, zeile 104: 104-149
diagonale als linke kante, zeile 108: 108-149
diagonale als linke kante, zeile 112: 112-149
diagonale als linke kante, zeile 116: 116-149
diagonale als linke kante, zeile 120: 120-149
diagonale als linke kante, zeile 124: 124-149
diagonale als linke kante, zeile 128: 128-149
diagonale als linke kante, zeile 132: 132-149
diagonale als linke kante, zeile 136: 136-149
diagonale als linke kante, zeile 140: 140-149
diagonale als linke kante, zeile 144: 144-149
diagonale als linke kante, zeile 148: 148-149
diagonale als linke kante, zeile 152: -1--1
