wuerfel vorn: 12
hinter der kamera: 0
links x=-10.0: 12
links x=-10.25: 12
links x=-10.5: 12
links x=-10.75: 12
links x=-11.0: 12
links x=-11.25: 12
links x=-11.5: 12
links x=-11.75: 12
links x=-12.0: 12
links x=-12.25: 0
links x=-12.5: 0
links x=-12.75: 0
links x=-13.0: 0
links x=-13.25: 0
links x=-13.5: 0
links x=-13.75: 0
links x=-14.0: 0
ecke x=-10.0: 12
ecke x=-10.25: 12
ecke x=-10.5: 12
ecke x=-10.75: 12
ecke x=-11.0: 12
ecke x=-11.25: 12
ecke x=-11.5: 12
ecke x=-11.75: 12
ecke x=-12.0: 12
ecke x=-12.25: 0
ecke x=-12.5: 0
ecke x=-12.75: 0
ecke x=-13.0: 0
ecke x=-13.25: 0
ecke x=-13.5: 0
ecke x=-13.75: 0
ecke x=-14.0: 0
nah z=-0.8: 0
nah z=-0.6: 0
nah z=-0.4: 0
nah z=-0.2: 0
nah z=0.0: 12
nah z=0.2: 12
nah z=0.4: 12
nah z=0.6: 12
nah z=0.8: 12
fern z=50.2: 12
fern z=50.4: 12
fern z=50.6: 12
fern z=50.8: 12
fern z=51.0: 12
fern z=51.2: 0
fern z=51.4: 0
fern z=51.6: 0
fern z=51.8: 0
aussen: 12
gedreht 45: 0
skaliert: 12
rechts: 0
rechts, kamera gedreht: 12
zoom 2: 12
zoom 4: 0
viewport y=2.6: 12
viewport y=2.7: 12
viewport y=2.8: 12
viewport y=2.9: 12
viewport y=3.0: 12
viewport y=3.1: 0
viewport y=3.2: 0
viewport y=3.3: 0
viewport y=3.4: 0
kind aussen: 0
kind innen: 12
ortho x=0.0: 12
ortho x=0.1: 12
ortho x=0.2: 12
ortho x=0.3: 12
ortho x=0.4: 12
ortho x=0.5: 12
ortho x=0.6: 12
ortho x=0.7: 0
ortho x=0.8: 0
ortho x=0.9: 0
ortho x=1.0: 0
dreieck innen: 1
dreieck verschoben: 0
nach ClearSurface: 1
leeres mesh: 1
sprite x=-10.6: 2
sprite x=-10.7: 2
sprite x=-10.8: 2
sprite x=-10.9: 2
sprite x=-11.0: 2
sprite x=-11.1: 0
sprite x=-11.2: 0
sprite x=-11.3: 0
sprite x=-11.4: 0
sprite hinten: 0
sprite fest, gedreht: 0
sprite fest, gerade: 0
